[   1/24] OK  modnewt P16 n=2      s=0 k= 4 sc=0 st=cen | it=  5 ||g||=1.21e-14 t=0.00s [0s tot]
[   2/24] OK  modnewt P16 n=2      s=0 k= 8 sc=0 st=cen | it=  5 ||g||=1.66e-12 t=0.00s [0s tot]
[   3/24] OK  modnewt P16 n=2      s=0 k=12 sc=0 st=cen | it=  6 ||g||=9.27e-08 t=0.00s [0s tot]
[   4/24] OK  modnewt P16 n=2      s=0 k= 4 sc=1 st=cen | it=  5 ||g||=5.57e-09 t=0.00s [0s tot]
[   5/24] OK  modnewt P16 n=2      s=0 k= 8 sc=1 st=cen | it=  5 ||g||=1.21e-14 t=0.00s [0s tot]
[   6/24] OK  modnewt P16 n=2      s=0 k=12 sc=1 st=cen | it=  5 ||g||=5.78e-11 t=0.00s [0s tot]
[   7/24] OK  modnewt P16 n=1000   s=0 k= 4 sc=0 st=cen | it=  7 ||g||=2.79e-13 t=0.49s [0s tot]
[   8/24] OK  modnewt P16 n=1000   s=0 k= 8 sc=0 st=cen | it=  7 ||g||=2.02e-07 t=0.53s [1s tot]
[   9/24] OK  modnewt P16 n=1000   s=0 k=12 sc=0 st=cen | it= 11 ||g||=8.66e-07 t=0.78s [2s tot]
[  10/24] OK  modnewt P16 n=1000   s=0 k= 4 sc=1 st=cen | it=  7 ||g||=2.08e-07 t=0.48s [2s tot]
[  11/24] OK  modnewt P16 n=1000   s=0 k= 8 sc=1 st=cen | it=  7 ||g||=7.37e-08 t=0.45s [3s tot]
[  12/24] OK  modnewt P16 n=1000   s=0 k=12 sc=1 st=cen | it=  6 ||g||=1.65e-07 t=0.41s [3s tot]
[  13/24] OK  truncn  P16 n=2      s=0 k= 4 sc=0 st=cen | it=  4 ||g||=8.11e-13 t=0.00s [3s tot]
[  14/24] OK  truncn  P16 n=2      s=0 k= 8 sc=0 st=cen | it=  4 ||g||=1.99e-09 t=0.00s [3s tot]
[  15/24] OK  truncn  P16 n=2      s=0 k=12 sc=0 st=cen | it=  6 ||g||=3.81e-07 t=0.00s [3s tot]
[  16/24] OK  truncn  P16 n=2      s=0 k= 4 sc=1 st=cen | it=  4 ||g||=8.00e-13 t=0.00s [3s tot]
[  17/24] OK  truncn  P16 n=2      s=0 k= 8 sc=1 st=cen | it=  4 ||g||=5.82e-09 t=0.00s [3s tot]
[  18/24] OK  truncn  P16 n=2      s=0 k=12 sc=1 st=cen | it=  7 ||g||=3.50e-07 t=0.00s [3s tot]
[  19/24] OK  truncn  P16 n=1000   s=0 k= 4 sc=0 st=cen | it= 19 ||g||=7.23e-08 t=0.02s [3s tot]
[  20/24] OK  truncn  P16 n=1000   s=0 k= 8 sc=0 st=cen | it= 20 ||g||=2.03e-07 t=0.02s [3s tot]
[  21/24] X   truncn  P16 n=1000   s=0 k=12 sc=0 st=cen | it=200 ||g||=1.10e-04 t=8.62s [12s tot]
[  22/24] X   truncn  P16 n=1000   s=0 k= 4 sc=1 st=cen | it=200 ||g||=2.36e-06 t=0.84s [13s tot]
[  23/24] OK  truncn  P16 n=1000   s=0 k= 8 sc=1 st=cen | it= 19 ||g||=2.01e-07 t=0.02s [13s tot]
[  24/24] X   truncn  P16 n=1000   s=0 k=12 sc=1 st=cen | it=200 ||g||=1.81e-05 t=11.57s [24s tot]

CSV scritto: C:\Users\andre\Documents\University\2nd Year\NO4LSP\project\Unconstrained_Optimization_Project\results\fd_hessian_raw.csv  (24 righe)
Markdown scritti in: C:\Users\andre\Documents\University\2nd Year\NO4LSP\project\Unconstrained_Optimization_Project\results/
